// Vitest Snapshot v1

exports[`PokemonOptions Component > Should match with snapshot 1`] = `
"<div class=\\"options-container\\" data-v-53abcefb=\\"\\">
  <ul data-v-53abcefb=\\"\\">
    <li data-v-53abcefb=\\"\\">bulbasaur</li>
    <li data-v-53abcefb=\\"\\">ivysaur</li>
    <li data-v-53abcefb=\\"\\">venusaur</li>
    <li data-v-53abcefb=\\"\\">charmander</li>
  </ul>
</div>"
`;
